 Image project-app Building 
#1 [internal] load local bake definitions
#1 reading from stdin 689B 0.1s done
#1 DONE 0.1s

#2 [internal] load build definition from Dockerfile
#2 transferring dockerfile: 30B 0.1s
#2 transferring dockerfile: 171B 0.3s done
#2 DONE 0.4s

#3 [internal] load metadata for docker.io/library/node:22
#3 DONE 1.4s

#4 [internal] load .dockerignore
#4 transferring context: 2B done
#4 DONE 0.0s

#5 [1/5] FROM docker.io/library/node:22@sha256:363e1587494626837fa7f9a23bdb453d13b0ff3c67c705c2805cfc69c2d2fad7
#5 resolve docker.io/library/node:22@sha256:363e1587494626837fa7f9a23bdb453d13b0ff3c67c705c2805cfc69c2d2fad7 0.1s done
#5 DONE 0.1s

#6 [internal] load build context
#6 ...

#5 [1/5] FROM docker.io/library/node:22@sha256:363e1587494626837fa7f9a23bdb453d13b0ff3c67c705c2805cfc69c2d2fad7
#5 CACHED

#6 [internal] load build context
#6 transferring context: 2.66MB 1.0s done
#6 DONE 1.1s

#5 [1/5] FROM docker.io/library/node:22@sha256:363e1587494626837fa7f9a23bdb453d13b0ff3c67c705c2805cfc69c2d2fad7
#5 sha256:de9e8d0a007171cac57d643a3982902d45431cd860400eea55e18df75fc0b12a 60.82MB / 211.71MB 0.6s
#5 sha256:eaac70c68abdf6ffacf6de10d31ed9de4813505d1a794eb7393cb27fceb624a6 47.19MB / 48.50MB 0.2s
#5 sha256:eaac70c68abdf6ffacf6de10d31ed9de4813505d1a794eb7393cb27fceb624a6 48.50MB / 48.50MB 0.8s done
#5 extracting sha256:eaac70c68abdf6ffacf6de10d31ed9de4813505d1a794eb7393cb27fceb624a6
#5 sha256:de9e8d0a007171cac57d643a3982902d45431cd860400eea55e18df75fc0b12a 72.35MB / 211.71MB 2.1s
#5 sha256:de9e8d0a007171cac57d643a3982902d45431cd860400eea55e18df75fc0b12a 84.93MB / 211.71MB 4.2s
#5 sha256:de9e8d0a007171cac57d643a3982902d45431cd860400eea55e18df75fc0b12a 97.52MB / 211.71MB 5.9s
#5 extracting sha256:eaac70c68abdf6ffacf6de10d31ed9de4813505d1a794eb7393cb27fceb624a6 4.6s done
#5 extracting sha256:7b2de2423ebd9d3290883175c0e46dccd6de955b08e6e9a5bd20909e3face240
#5 sha256:de9e8d0a007171cac57d643a3982902d45431cd860400eea55e18df75fc0b12a 109.05MB / 211.71MB 7.4s
#5 extracting sha256:7b2de2423ebd9d3290883175c0e46dccd6de955b08e6e9a5bd20909e3face240 2.1s done
#5 extracting sha256:81578410df169380efec491bfdc60a7e586d4b48ef4c0aeb9b6ff085812d9a7d
#5 sha256:de9e8d0a007171cac57d643a3982902d45431cd860400eea55e18df75fc0b12a 120.59MB / 211.71MB 9.5s
#5 sha256:de9e8d0a007171cac57d643a3982902d45431cd860400eea55e18df75fc0b12a 132.12MB / 211.71MB 11.1s
#5 sha256:de9e8d0a007171cac57d643a3982902d45431cd860400eea55e18df75fc0b12a 144.70MB / 211.71MB 12.8s
#5 sha256:de9e8d0a007171cac57d643a3982902d45431cd860400eea55e18df75fc0b12a 156.24MB / 211.71MB 14.3s
#5 sha256:de9e8d0a007171cac57d643a3982902d45431cd860400eea55e18df75fc0b12a 168.82MB / 211.71MB 16.1s
#5 sha256:de9e8d0a007171cac57d643a3982902d45431cd860400eea55e18df75fc0b12a 180.36MB / 211.71MB 17.6s
#5 extracting sha256:81578410df169380efec491bfdc60a7e586d4b48ef4c0aeb9b6ff085812d9a7d 10.2s done
#5 sha256:de9e8d0a007171cac57d643a3982902d45431cd860400eea55e18df75fc0b12a 191.89MB / 211.71MB 18.6s
#5 sha256:de9e8d0a007171cac57d643a3982902d45431cd860400eea55e18df75fc0b12a 203.42MB / 211.71MB 19.7s
#5 sha256:de9e8d0a007171cac57d643a3982902d45431cd860400eea55e18df75fc0b12a 211.71MB / 211.71MB 20.9s done
#5 extracting sha256:de9e8d0a007171cac57d643a3982902d45431cd860400eea55e18df75fc0b12a
#5 extracting sha256:de9e8d0a007171cac57d643a3982902d45431cd860400eea55e18df75fc0b12a 11.3s done
#5 DONE 32.8s

#5 [1/5] FROM docker.io/library/node:22@sha256:363e1587494626837fa7f9a23bdb453d13b0ff3c67c705c2805cfc69c2d2fad7
#5 extracting sha256:b92563fa790f8dd92d7adfdd88dfe3682717345457c18ae480cb81faeb8a78f2 0.1s done
#5 extracting sha256:0d48f423dff09aa1ec458c0ccc8e3d690ca8a9a302fd7233adb9493cdc0d0600
#5 extracting sha256:0d48f423dff09aa1ec458c0ccc8e3d690ca8a9a302fd7233adb9493cdc0d0600 3.2s done
#5 DONE 36.1s

#5 [1/5] FROM docker.io/library/node:22@sha256:363e1587494626837fa7f9a23bdb453d13b0ff3c67c705c2805cfc69c2d2fad7
#5 extracting sha256:105754cf457c052e3214fc88da72777f5e777d7b6c0a2c287cfcffa03d5d3a0a 0.2s done
#5 DONE 36.3s

#5 [1/5] FROM docker.io/library/node:22@sha256:363e1587494626837fa7f9a23bdb453d13b0ff3c67c705c2805cfc69c2d2fad7
#5 extracting sha256:0c06829c34adf939f5d8cae866bdbab1519529e3d355e3bfe8d2517a8562ebcf 0.1s done
#5 DONE 36.3s

#7 [2/5] WORKDIR /usr/src/app
#7 DONE 1.5s

#8 [3/5] COPY package*.json ./
#8 DONE 0.3s

#9 [4/5] RUN npm install
#9 3.416 
#9 3.416 added 81 packages, and audited 82 packages in 3s
#9 3.416 
#9 3.416 14 packages are looking for funding
#9 3.416   run `npm fund` for details
#9 3.426 
#9 3.426 3 vulnerabilities (2 moderate, 1 high)
#9 3.426 
#9 3.426 To address all issues, run:
#9 3.426   npm audit fix
#9 3.426 
#9 3.426 Run `npm audit` for details.
#9 3.432 npm notice
#9 3.432 npm notice New major version of npm available! 10.9.9 -> 12.2.0
#9 3.432 npm notice Changelog: https://github.com/npm/cli/releases/tag/v12.2.0
#9 3.432 npm notice To update run: npm install -g npm@12.2.0
#9 3.432 npm notice
#9 DONE 3.7s

#10 [5/5] COPY . .
#10 DONE 0.5s

#11 exporting to image
#11 exporting layers
#11 exporting layers 1.5s done
#11 exporting manifest sha256:9f3459ce7aa2602ad48e8179aba67f1083a079de155676618f897c96b6b611ee 0.1s done
#11 exporting config sha256:75dcb515f5215dd44d340a21666d1314359cc040f1b35b7bde38519df57d70a0 0.1s done
#11 exporting attestation manifest sha256:ccfdbf85ccc1956338f73b9531afef8bcf9ba073258de133b24e4521c63aa290
#11 exporting attestation manifest sha256:ccfdbf85ccc1956338f73b9531afef8bcf9ba073258de133b24e4521c63aa290 0.2s done
#11 exporting manifest list sha256:11c70255e90782b3bbbb493eb8fcbd6a92ba54bbbceaf0dae0cc090c23947588
#11 exporting manifest list sha256:11c70255e90782b3bbbb493eb8fcbd6a92ba54bbbceaf0dae0cc090c23947588 0.1s done
#11 naming to docker.io/library/project-app:latest 0.0s done
#11 unpacking to docker.io/library/project-app:latest
#11 unpacking to docker.io/library/project-app:latest 1.0s done
#11 DONE 3.1s

#12 resolving provenance for metadata file
#12 DONE 0.1s
 Image project-app Built 
 Network project_default Creating 
 Network project_default Creating 
 Network project_default Created 
 Network project_default Created 
 Container project-db-1 Creating 
 Container project-db-1 Created 
 Container project-app-1 Creating 
 Container project-app-1 Created 
 Container project-db-1 Starting 
 Container project-db-1 Started 
 Container project-db-1 Waiting 
 Container project-db-1 Healthy 
 Container project-app-1 Starting 
 Container project-app-1 Started 
